[    0.000000] Initializing cgroup subsys cpuset
[    0.000000] Initializing cgroup subsys cpu
[    0.000000] Initializing cgroup subsys cpuacct
[    0.000000] Linux version 4.4.0-210-generic (buildd@lgw01-amd64-009) (gcc version 5.4.0 20160609 (Ubuntu 5.4.0-6ubuntu1~16.04.12) ) #242-Ubuntu SMP Fri Apr 16 09:57:56 UTC 2021 (Ubuntu 4.4.0-210.242-generic 4.4.262)
[    0.000000] Command line: BOOT_IMAGE=/boot/vmlinuz-4.4.0-210-generic root=LABEL=cloudimg-rootfs ro console=tty1 console=ttyS0
[    0.000000] KERNEL supported cpus:
[    0.000000]   Intel GenuineIntel
[    0.000000]   AMD AuthenticAMD
[    0.000000]   Centaur CentaurHauls
[    0.000000] [Firmware Bug]: TSC doesn't count with P0 frequency!
[    0.000000] x86/fpu: xstate_offset[2]:  576, xstate_sizes[2]:  256
[    0.000000] x86/fpu: Supporting XSAVE feature 0x01: 'x87 floating point registers'
[    0.000000] x86/fpu: Supporting XSAVE feature 0x02: 'SSE registers'
[    0.000000] x86/fpu: Supporting XSAVE feature 0x04: 'AVX registers'
[    0.000000] x86/fpu: Enabled xstate features 0x7, context size is 832 bytes, using 'standard' format.
[    0.000000] e820: BIOS-provided physical RAM map:
[    0.000000] BIOS-e820: [mem 0x0000000000000000-0x000000000009fbff] usable
[    0.000000] BIOS-e820: [mem 0x000000000009fc00-0x000000000009ffff] reserved
[    0.000000] BIOS-e820: [mem 0x00000000000f0000-0x00000000000fffff] reserved
[    0.000000] BIOS-e820: [mem 0x0000000000100000-0x000000003ffeffff] usable
[    0.000000] BIOS-e820: [mem 0x000000003fff0000-0x000000003fffffff] ACPI data
[    0.000000] BIOS-e820: [mem 0x00000000fec00000-0x00000000fec00fff] reserved
[    0.000000] BIOS-e820: [mem 0x00000000fee00000-0x00000000fee00fff] reserved
[    0.000000] BIOS-e820: [mem 0x00000000fffc0000-0x00000000ffffffff] reserved
[    0.000000] NX (Execute Disable) protection: active
[    0.000000] SMBIOS 2.5 present.
[    0.000000] Hypervisor detected: KVM
[    0.000000] Kernel/User page tables isolation: disabled
[    0.000000] e820: last_pfn = 0x3fff0 max_arch_pfn = 0x400000000
[    0.000000] MTRR: Disabled
[    0.000000] x86/PAT: MTRRs disabled, skipping PAT initialization too.
[    0.000000] CPU MTRRs all blank - virtualized system.
[    0.000000] x86/PAT: Configuration [0-7]: WB  WT  UC- UC  WB  WT  UC- UC  
[    0.000000] found SMP MP-table at [mem 0x0009fff0-0x0009ffff] mapped at [ffff88000009fff0]
[    0.000000] Scanning 1 areas for low memory corruption
[    0.000000] RAMDISK: [mem 0x362dc000-0x37165fff]
[    0.000000] ACPI: Early table checksum verification disabled
[    0.000000] ACPI: RSDP 0x00000000000E0000 000024 (v02 VBOX  )
[    0.000000] ACPI: XSDT 0x000000003FFF0030 00003C (v01 VBOX   VBOXXSDT 00000001 ASL  00000061)
[    0.000000] ACPI: FACP 0x000000003FFF00F0 0000F4 (v04 VBOX   VBOXFACP 00000001 ASL  00000061)
[    0.000000] ACPI: DSDT 0x000000003FFF0470 002325 (v02 VBOX   VBOXBIOS 00000002 INTL 20100528)
[    0.000000] ACPI: FACS 0x000000003FFF0200 000040
[    0.000000] ACPI: FACS 0x000000003FFF0200 000040
[    0.000000] ACPI: APIC 0x000000003FFF0240 00005C (v02 VBOX   VBOXAPIC 00000001 ASL  00000061)
[    0.000000] ACPI: SSDT 0x000000003FFF02A0 0001CC (v01 VBOX   VBOXCPUT 00000002 INTL 20100528)
[    0.000000] No NUMA configuration found
[    0.000000] Faking a node at [mem 0x0000000000000000-0x000000003ffeffff]
[    0.000000] NODE_DATA(0) allocated [mem 0x3ffeb000-0x3ffeffff]
[    0.000000] kvm-clock: Using msrs 4b564d01 and 4b564d00
[    0.000000] kvm-clock: cpu 0, msr 0:3ffe3001, primary cpu clock
[    0.000000] kvm-clock: using sched offset of 3811994755 cycles
[    0.000000] clocksource: kvm-clock: mask: 0xffffffffffffffff max_cycles: 0x1cd42e4dffb, max_idle_ns: 881590591483 ns
[    0.000000] Zone ranges:
[    0.000000]   DMA      [mem 0x0000000000001000-0x0000000000ffffff]
[    0.000000]   DMA32    [mem 0x0000000001000000-0x000000003ffeffff]
[    0.000000]   Normal   empty
[    0.000000]   Device   empty
[    0.000000] Movable zone start for each node
[    0.000000] Early memory node ranges
[    0.000000]   node   0: [mem 0x0000000000001000-0x000000000009efff]
[    0.000000]   node   0: [mem 0x0000000000100000-0x000000003ffeffff]
[    0.000000] Initmem setup node 0 [mem 0x0000000000001000-0x000000003ffeffff]
[    0.000000] ACPI: PM-Timer IO Port: 0x4008
[    0.000000] IOAPIC[0]: apic_id 2, version 32, address 0xfec00000, GSI 0-23
[    0.000000] ACPI: INT_SRC_OVR (bus 0 bus_irq 0 global_irq 2 dfl dfl)
[    0.000000] ACPI: INT_SRC_OVR (bus 0 bus_irq 9 global_irq 9 low level)
[    0.000000] Using ACPI (MADT) for SMP configuration information
[    0.000000] smpboot: Allowing 2 CPUs, 0 hotplug CPUs
[    0.000000] PM: Registered nosave memory: [mem 0x00000000-0x00000fff]
[    0.000000] PM: Registered nosave memory: [mem 0x0009f000-0x0009ffff]
[    0.000000] PM: Registered nosave memory: [mem 0x000a0000-0x000effff]
[    0.000000] PM: Registered nosave memory: [mem 0x000f0000-0x000fffff]
[    0.000000] e820: [mem 0x40000000-0xfebfffff] available for PCI devices
[    0.000000] Booting paravirtualized kernel on KVM
[    0.000000] clocksource: refined-jiffies: mask: 0xffffffff max_cycles: 0xffffffff, max_idle_ns: 7645519600211568 ns
[    0.000000] setup_percpu: NR_CPUS:512 nr_cpumask_bits:512 nr_cpu_ids:2 nr_node_ids:1
[    0.000000] PERCPU: Embedded 33 pages/cpu @ffff88003fc00000 s95192 r8192 d31784 u1048576
[    0.000000] Built 1 zonelists in Node order, mobility grouping on.  Total pages: 257912
[    0.000000] Policy zone: DMA32
[    0.000000] Kernel command line: BOOT_IMAGE=/boot/vmlinuz-4.4.0-210-generic root=LABEL=cloudimg-rootfs ro console=tty1 console=ttyS0
[    0.000000] PID hash table entries: 4096 (order: 3, 32768 bytes)
[    0.000000] Memory: 997792K/1048120K available (8644K kernel code, 1332K rwdata, 4044K rodata, 1492K init, 1164K bss, 50328K reserved, 0K cma-reserved)
[    0.000000] SLUB: HWalign=64, Order=0-3, MinObjects=0, CPUs=2, Nodes=1
[    0.000000] Hierarchical RCU implementation.
[    0.000000] 	Build-time adjustment of leaf fanout to 64.
[    0.000000] 	RCU restricting CPUs from NR_CPUS=512 to nr_cpu_ids=2.
[    0.000000] RCU: Adjusting geometry for rcu_fanout_leaf=64, nr_cpu_ids=2
[    0.000000] NR_IRQS:33024 nr_irqs:440 16
[    0.000000] Console: colour VGA+ 80x25
[    0.000000] console [tty1] enabled
[    0.000000] console [ttyS0] enabled
[    0.000000] tsc: Detected 2595.120 MHz processor
[    0.176614] Calibrating delay loop (skipped) preset value.. 5190.24 BogoMIPS (lpj=10380480)
[    0.178196] pid_max: default: 32768 minimum: 301
[    0.179308] ACPI: Core revision 20150930
[    0.181233] ACPI: 2 ACPI AML tables successfully acquired and loaded
[    0.182934] Security Framework initialized
[    0.184117] Yama: becoming mindful.
[    0.184975] AppArmor: AppArmor initialized
[    0.185884] Dentry cache hash table entries: 131072 (order: 8, 1048576 bytes)
[    0.187263] Inode-cache hash table entries: 65536 (order: 7, 524288 bytes)
[    0.192363] Mount-cache hash table entries: 2048 (order: 2, 16384 bytes)
[    0.193855] Mountpoint-cache hash table entries: 2048 (order: 2, 16384 bytes)
[    0.195495] Initializing cgroup subsys io
[    0.196354] Initializing cgroup subsys memory
[    0.197671] Initializing cgroup subsys devices
[    0.198493] Initializing cgroup subsys freezer
[    0.199292] Initializing cgroup subsys net_cls
[    0.200446] Initializing cgroup subsys perf_event
[    0.201626] Initializing cgroup subsys net_prio
[    0.202834] Initializing cgroup subsys hugetlb
[    0.204103] Initializing cgroup subsys pids
[    0.219165] mce: CPU supports 0 MCE banks
[    0.220121] Last level iTLB entries: 4KB 1024, 2MB 1024, 4MB 512
[    0.221606] Last level dTLB entries: 4KB 1536, 2MB 1536, 4MB 768, 1GB 0
[    0.223132] Spectre V1 : Mitigation: usercopy/swapgs barriers and __user pointer sanitization
[    0.225751] Spectre V2 : Spectre mitigation: LFENCE not serializing, switching to generic retpoline
[    0.227442] Spectre V2 : Mitigation: Full generic retpoline
[    0.228379] Spectre V2 : Spectre v2 / SpectreRSB mitigation: Filling RSB on context switch
[    0.233937] Freeing SMP alternatives memory: 36K
[    0.241113] ftrace: allocating 32380 entries in 127 pages
[    0.314645] smpboot: APIC(0) Converting physical 0 to logical package 0
[    0.315975] smpboot: Max logical packages: 1
[    0.317327] x2apic enabled
[    0.318317] Switched APIC routing to physical x2apic.
[    0.320686] ..TIMER: vector=0x30 apic1=0 pin1=2 apic2=-1 pin2=-1
[    0.429951] smpboot: CPU0: AMD Ryzen 3 3250U with Radeon Graphics (family: 0x17, model: 0x18, stepping: 0x1)
[    0.432424] Performance Events: Broken PMU hardware detected, using software events only.
[    0.434594] Failed to access perfctr msr (MSR c0010007 is 0)
[    0.442924] KVM setup paravirtual spinlock
[    0.445170] x86: Booting SMP configuration:
[    0.446202] .... node  #0, CPUs:      #1
[    0.447590] kvm-clock: cpu 1, msr 0:3ffe3041, secondary cpu clock
[    0.462567] mce: CPU supports 0 MCE banks
[    0.466078] x86: Booted up 1 node, 2 CPUs
[    0.467542] smpboot: Total of 2 processors activated (10380.48 BogoMIPS)
[    0.469377] devtmpfs: initialized
[    0.471759] evm: security.selinux
[    0.472699] evm: security.SMACK64
[    0.473461] evm: security.SMACK64EXEC
[    0.474265] evm: security.SMACK64TRANSMUTE
[    0.475168] evm: security.SMACK64MMAP
[    0.475952] evm: security.ima
[    0.476677] evm: security.capability
[    0.481640] clocksource: jiffies: mask: 0xffffffff max_cycles: 0xffffffff, max_idle_ns: 7645041785100000 ns
[    0.484171] futex hash table entries: 512 (order: 3, 32768 bytes)
[    0.485784] pinctrl core: initialized pinctrl subsystem
[    0.486997] RTC time: 13:41:02, date: 04/18/23
[    0.488444] NET: Registered protocol family 16
[    0.496459] cpuidle: using governor ladder
[    0.505349] cpuidle: using governor menu
[    0.506405] PCCT header not found.
[    0.507694] ACPI: bus type PCI registered
[    0.508635] acpiphp: ACPI Hot Plug PCI Controller Driver version: 0.5
[    0.510055] PCI: Using configuration type 1 for base access
[    0.511218] PCI: Using configuration type 1 for extended access
[    0.519398] ACPI: Added _OSI(Module Device)
[    0.520648] ACPI: Added _OSI(Processor Device)
[    0.521660] ACPI: Added _OSI(3.0 _SCP Extensions)
[    0.522888] ACPI: Added _OSI(Processor Aggregator Device)
[    0.524701] ACPI: Executed 1 blocks of module-level executable AML code
[    0.528063] ACPI: Interpreter enabled
[    0.528951] ACPI: (supports S0 S5)
[    0.529823] ACPI: Using IOAPIC for interrupt routing
[    0.531690] PCI: Using host bridge windows from ACPI; if necessary, use "pci=nocrs" and report a bug
[    0.537013] ACPI: PCI Root Bridge [PCI0] (domain 0000 [bus 00-ff])
[    0.538284] acpi PNP0A03:00: _OSC: OS supports [ExtendedConfig ASPM ClockPM Segments MSI]
[    0.540572] acpi PNP0A03:00: _OSC: platform does not support [PCIeCapability]
[    0.542853] acpi PNP0A03:00: _OSC: not requesting control; platform does not support [PCIeCapability]
[    0.545009] acpi PNP0A03:00: _OSC: OS requested [PCIeHotplug PME AER PCIeCapability]
[    0.546731] acpi PNP0A03:00: _OSC: platform willing to grant [PCIeHotplug PME AER]
[    0.548575] acpi PNP0A03:00: _OSC failed (AE_SUPPORT); disabling ASPM
[    0.550476] PCI host bridge to bus 0000:00
[    0.551564] pci_bus 0000:00: root bus resource [io  0x0000-0x0cf7 window]
[    0.553014] pci_bus 0000:00: root bus resource [io  0x0d00-0xffff window]
[    0.554424] pci_bus 0000:00: root bus resource [mem 0x000a0000-0x000bffff window]
[    0.566639] pci_bus 0000:00: root bus resource [mem 0x40000000-0xfdffffff window]
[    0.568375] pci_bus 0000:00: root bus resource [bus 00-ff]
[    0.571399] pci 0000:00:01.1: legacy IDE quirk: reg 0x10: [io  0x01f0-0x01f7]
[    0.572954] pci 0000:00:01.1: legacy IDE quirk: reg 0x14: [io  0x03f6]
[    0.574256] pci 0000:00:01.1: legacy IDE quirk: reg 0x18: [io  0x0170-0x0177]
[    0.575726] pci 0000:00:01.1: legacy IDE quirk: reg 0x1c: [io  0x0376]
[    0.597865] pci 0000:00:07.0: quirk: [io  0x4000-0x403f] claimed by PIIX4 ACPI
[    0.599792] pci 0000:00:07.0: quirk: [io  0x4100-0x410f] claimed by PIIX4 SMB
[    0.616192] ACPI: PCI Interrupt Link [LNKA] (IRQs 5 9 10 *11)
[    0.618451] ACPI: PCI Interrupt Link [LNKB] (IRQs 5 9 *10 11)
[    0.620419] ACPI: PCI Interrupt Link [LNKC] (IRQs 5 *9 10 11)
[    0.622396] ACPI: PCI Interrupt Link [LNKD] (IRQs 5 9 10 *11)
[    0.624318] ACPI: Enabled 2 GPEs in block 00 to 07
[    0.626154] vgaarb: setting as boot device: PCI:0000:00:02.0
[    0.627475] vgaarb: device added: PCI:0000:00:02.0,decodes=io+mem,owns=io+mem,locks=none
[    0.629387] vgaarb: loaded
[    0.630198] vgaarb: bridge control possible 0000:00:02.0
[    0.631696] SCSI subsystem initialized
[    0.632773] ACPI: bus type USB registered
[    0.633663] usbcore: registered new interface driver usbfs
[    0.634753] usbcore: registered new interface driver hub
[    0.635793] usbcore: registered new device driver usb
[    0.637258] PCI: Using ACPI for IRQ routing
[    0.638678] NetLabel: Initializing
[    0.639554] NetLabel:  domain hash size = 128
[    0.640461] NetLabel:  protocols = UNLABELED CIPSOv4
[    0.641487] NetLabel:  unlabeled traffic allowed by default
[    0.643354] amd_nb: Cannot enumerate AMD northbridges
[    0.644507] clocksource: Switched to clocksource kvm-clock
[    0.659758] AppArmor: AppArmor Filesystem Enabled
[    0.661339] pnp: PnP ACPI init
[    0.663569] pnp: PnP ACPI: found 3 devices
[    0.674568] clocksource: acpi_pm: mask: 0xffffff max_cycles: 0xffffff, max_idle_ns: 2085701024 ns
[    0.676514] NET: Registered protocol family 2
[    0.677754] TCP established hash table entries: 8192 (order: 4, 65536 bytes)
[    0.679132] TCP bind hash table entries: 8192 (order: 5, 131072 bytes)
[    0.681038] TCP: Hash tables configured (established 8192 bind 8192)
[    0.682375] UDP hash table entries: 512 (order: 2, 16384 bytes)
[    0.683980] UDP-Lite hash table entries: 512 (order: 2, 16384 bytes)
[    0.685343] NET: Registered protocol family 1
[    0.686248] pci 0000:00:00.0: Limiting direct PCI/PCI transfers
[    0.687465] pci 0000:00:01.0: Activating ISA DMA hang workarounds
[    0.692858] Unpacking initramfs...
[    0.989964] Freeing initrd memory: 14888K
[    0.991305] clocksource: tsc: mask: 0xffffffffffffffff max_cycles: 0x256839dc7e7, max_idle_ns: 440795215929 ns
[    0.994089] platform rtc_cmos: registered platform RTC device (no PNP device found)
[    0.996388] Scanning for low memory corruption every 60 seconds
[    0.998742] audit: initializing netlink subsys (disabled)
[    1.000394] audit: type=2000 audit(1681825268.093:1): initialized
[    1.002250] Initialise system trusted keyring
[    1.003881] HugeTLB registered 2 MB page size, pre-allocated 0 pages
[    1.007112] zbud: loaded
[    1.008399] VFS: Disk quotas dquot_6.6.0
[    1.009471] VFS: Dquot-cache hash table entries: 512 (order 0, 4096 bytes)
[    1.011203] squashfs: version 4.0 (2009/01/31) Phillip Lougher
[    1.013084] fuse init (API version 7.23)
[    1.014706] Key type big_key registered
[    1.015876] Allocating IMA MOK and blacklist keyrings.
[    1.023093] Key type asymmetric registered
[    1.024296] Asymmetric key parser 'x509' registered
[    1.025748] Block layer SCSI generic (bsg) driver version 0.4 loaded (major 249)
[    1.028126] io scheduler noop registered
[    1.029279] io scheduler deadline registered (default)
[    1.030969] io scheduler cfq registered
[    1.032183] pci_hotplug: PCI Hot Plug PCI Core version: 0.5
[    1.033424] pciehp: PCI Express Hot Plug Controller Driver version: 0.4
[    1.035065] ACPI: AC Adapter [AC] (on-line)
[    1.036109] input: Power Button as /devices/LNXSYSTM:00/LNXPWRBN:00/input/input0
[    1.038590] ACPI: Power Button [PWRF]
[    1.040171] input: Sleep Button as /devices/LNXSYSTM:00/LNXSLPBN:00/input/input1
[    1.043927] ACPI: Sleep Button [SLPF]
[    1.045382] GHES: HEST is not enabled!
[    1.046109] ACPI: Battery Slot [BAT0] (battery present)
[    1.048607] Serial: 8250/16550 driver, 32 ports, IRQ sharing enabled
[    1.071688] 00:02: ttyS0 at I/O 0x3f8 (irq = 4, base_baud = 115200) is a 16550A
[    1.079164] Linux agpgart interface v0.103
[    1.083037] loop: module loaded
[    1.084857] scsi host0: ata_piix
[    1.086352] scsi host1: ata_piix
[    1.087532] ata1: PATA max UDMA/33 cmd 0x1f0 ctl 0x3f6 bmdma 0xd000 irq 14
[    1.089324] ata2: PATA max UDMA/33 cmd 0x170 ctl 0x376 bmdma 0xd008 irq 15
[    1.091939] libphy: Fixed MDIO Bus: probed
[    1.093499] tun: Universal TUN/TAP device driver, 1.6
[    1.095069] tun: (C) 1999-2004 Max Krasnyansky <maxk@qualcomm.com>
[    1.097578] PPP generic driver version 2.4.2
[    1.098985] ehci_hcd: USB 2.0 'Enhanced' Host Controller (EHCI) Driver
[    1.100953] ehci-pci: EHCI PCI platform driver
[    1.102348] ehci-platform: EHCI generic platform driver
[    1.104495] ohci_hcd: USB 1.1 'Open' Host Controller (OHCI) Driver
[    1.106337] ohci-pci: OHCI PCI platform driver
[    1.107720] ohci-platform: OHCI generic platform driver
[    1.109684] uhci_hcd: USB Universal Host Controller Interface driver
[    1.111613] i8042: PNP: PS/2 Controller [PNP0303:PS2K,PNP0f03:PS2M] at 0x60,0x64 irq 1,12
[    1.115279] serio: i8042 KBD port at 0x60,0x64 irq 1
[    1.117590] serio: i8042 AUX port at 0x60,0x64 irq 12
[    1.119710] mousedev: PS/2 mouse device common for all mice
[    1.121966] input: AT Translated Set 2 keyboard as /devices/platform/i8042/serio0/input/input2
[    1.125749] rtc_cmos rtc_cmos: rtc core: registered rtc_cmos as rtc0
[    1.128076] rtc_cmos rtc_cmos: alarms up to one day, 114 bytes nvram
[    1.130005] i2c /dev entries driver
[    1.131668] device-mapper: uevent: version 1.0.3
[    1.133335] device-mapper: ioctl: 4.34.0-ioctl (2015-10-28) initialised: dm-devel@redhat.com
[    1.135789] ledtrig-cpu: registered to indicate activity on CPUs
[    1.137835] NET: Registered protocol family 10
[    1.139527] NET: Registered protocol family 17
[    1.140689] Key type dns_resolver registered
[    1.142237] registered taskstats version 1
[    1.143648] Loading compiled-in X.509 certificates
[    1.146126] Loaded X.509 cert 'Build time autogenerated kernel key: cf00e047681d67edb2720680708b7d9498083038'
[    1.149488] zswap: loaded using pool lzo/zbud
[    1.153228] Key type trusted registered
[    1.158163] Key type encrypted registered
[    1.159263] AppArmor: AppArmor sha1 policy hashing enabled
[    1.160684] ima: No TPM chip found, activating TPM-bypass!
[    1.161948] ima: Allocated hash algorithm: sha1
[    1.163739] evm: HMAC attrs: 0x1
[    1.165331]   Magic number: 3:850:685
[    1.166313]  clocksource: hash matches
[    1.167319] rtc_cmos rtc_cmos: setting system clock to 2023-04-18 13:41:02 UTC (1681825262)
[    1.169434] BIOS EDD facility v0.16 2004-Jun-25, 0 devices found
[    1.170781] EDD information not available.
[    1.281412] Freeing unused kernel memory: 1492K
[    1.282773] Write protecting the kernel read-only data: 14336k
[    1.284814] Freeing unused kernel memory: 1584K
[    1.285993] Freeing unused kernel memory: 52K
Loading, please wait...
starting version 229
[    1.298572] random: systemd-udevd: uninitialized urandom read (16 bytes read, 3 bits of entropy available)
[    1.300349] random: udevadm: uninitialized urandom read (16 bytes read, 3 bits of entropy available)
[    1.300409] random: udevadm: uninitialized urandom read (16 bytes read, 3 bits of entropy available)
[    1.308720] random: systemd-udevd: uninitialized urandom read (16 bytes read, 3 bits of entropy available)
[    1.311080] random: systemd-udevd: uninitialized urandom read (16 bytes read, 3 bits of entropy available)
[    1.312713] random: udevadm: uninitialized urandom read (16 bytes read, 3 bits of entropy available)
[    1.312764] random: udevadm: uninitialized urandom read (16 bytes read, 3 bits of entropy available)
[    1.312891] random: udevadm: uninitialized urandom read (16 bytes read, 3 bits of entropy available)
[    1.312943] random: udevadm: uninitialized urandom read (16 bytes read, 3 bits of entropy available)
[    1.312997] random: udevadm: uninitialized urandom read (16 bytes read, 3 bits of entropy available)
[    1.377422] e1000: Intel(R) PRO/1000 Network Driver - version 7.3.21-k8-NAPI
[    1.379356] e1000: Copyright (c) 1999-2006 Intel Corporation.
[    1.408033] Fusion MPT base driver 3.04.20
[    1.409294] Copyright (c) 1999-2008 LSI Corporation
[    1.422257] AVX2 version of gcm_enc/dec engaged.
[    1.425521] AES CTR mode by8 optimization enabled
[    1.434938] Fusion MPT SPI Host driver 3.04.20
[    1.954605] input: ImExPS/2 Generic Explorer Mouse as /devices/platform/i8042/serio1/input/input4
[    1.983173] e1000 0000:00:03.0 eth0: (PCI:33MHz:32-bit) 02:be:82:6b:cc:1d
[    1.984535] e1000 0000:00:03.0 eth0: Intel(R) PRO/1000 Network Connection
[    1.986418] mptbase: ioc0: Initiating bringup
[    2.207292] ioc0: LSI53C1030 A0: Capabilities={Initiator}
[    4.003807] scsi host2: ioc0: LSI53C1030 A0, FwRev=00000000h, Ports=1, MaxQ=256, IRQ=20
[    4.121617] scsi 2:0:0:0: Direct-Access     VBOX     HARDDISK         1.0  PQ: 0 ANSI: 5
[    4.123604] scsi target2:0:0: Beginning Domain Validation
[    4.126095] scsi target2:0:0: Domain Validation skipping write tests
[    4.136249] scsi target2:0:0: Ending Domain Validation
[    4.137378] scsi target2:0:0: asynchronous
[    4.139042] scsi 2:0:1:0: Direct-Access     VBOX     HARDDISK         1.0  PQ: 0 ANSI: 5
[    4.140578] scsi target2:0:1: Beginning Domain Validation
[    4.143477] scsi target2:0:1: Domain Validation skipping write tests
[    4.144627] scsi target2:0:1: Ending Domain Validation
[    4.145689] scsi target2:0:1: asynchronous
[    4.161897] sd 2:0:0:0: Attached scsi generic sg0 type 0
[    4.164480] sd 2:0:1:0: Attached scsi generic sg1 type 0
[    4.167331] sd 2:0:0:0: [sda] 83886080 512-byte logical blocks: (42.9 GB/40.0 GiB)
[    4.169798] sd 2:0:1:0: [sdb] 20480 512-byte logical blocks: (10.5 MB/10.0 MiB)
[    4.172281] sd 2:0:1:0: [sdb] Write Protect is off
[    4.173715] sd 2:0:0:0: [sda] Write Protect is off
[    4.175168] sd 2:0:1:0: [sdb] Incomplete mode parameter data
[    4.176258] sd 2:0:1:0: [sdb] Assuming drive cache: write through
[    4.177954] sd 2:0:0:0: [sda] Incomplete mode parameter data
[    4.179463] sd 2:0:0:0: [sda] Assuming drive cache: write through
[    4.184461]  sda: sda1
[    4.186489] sd 2:0:0:0: [sda] Attached SCSI disk
[    4.200630] sd 2:0:1:0: [sdb] Attached SCSI disk
[    4.980476] e1000 0000:00:08.0 eth1: (PCI:33MHz:32-bit) 08:00:27:40:14:3d
[    4.984537] e1000 0000:00:08.0 eth1: Intel(R) PRO/1000 Network Connection
[    4.991269] e1000 0000:00:03.0 enp0s3: renamed from eth0
[    5.009260] e1000 0000:00:08.0 enp0s8: renamed from eth1
Begin: Loading essential drivers ... [    6.623616] md: linear personality registered for level -1
[    6.628566] md: multipath personality registered for level -4
[    6.634874] md: raid0 personality registered for level 0
[    6.641619] md: raid1 personality registered for level 1
[    6.725317] raid6: sse2x1   gen()  6396 MB/s
[    6.792639] raid6: sse2x1   xor()  4016 MB/s
[    6.860614] raid6: sse2x2   gen() 11202 MB/s
[    6.928537] raid6: sse2x2   xor()  6152 MB/s
[    6.996898] raid6: sse2x4   gen() 11132 MB/s
[    7.065873] raid6: sse2x4   xor()  5304 MB/s
[    7.133125] raid6: avx2x1   gen() 11704 MB/s
[    7.200672] raid6: avx2x2   gen() 10564 MB/s
[    7.293111] raid6: avx2x4   gen()  1017 MB/s
[    7.343318] raid6: using algorithm avx2x1 gen() 11704 MB/s
[    8.740914] raid6: using avx2x2 recovery algorithm
[    9.189138] xor: automatically using best checksumming function:
[    9.286166]    avx       :  9092.000 MB/sec
[    9.294445] async_tx: api initialized (async)
[    9.335311] md: raid6 personality registered for level 6
[    9.338374] md: raid5 personality registered for level 5
[    9.340213] md: raid4 personality registered for level 4
[    9.358884] md: raid10 personality registered for level 10
done.
Begin: Running /scripts/init-premount ... done.
Begin: Mounting root file system ... Begin: Running /scripts/local-top ... done.
Begin: Running /scripts/local-premount ... [    9.428709] Btrfs loaded
Scanning for Btrfs filesystems
done.
Warning: fsck not present, so skipping root file system
[    9.503448] EXT4-fs (sda1): mounted filesystem with ordered data mode. Opts: (null)
done.
Begin: Running /scripts/local-bottom ... done.
Begin: Running /scripts/init-bottom ... done.
[    9.660881] systemd[1]: systemd 229 running in system mode. (+PAM +AUDIT +SELINUX +IMA +APPARMOR +SMACK +SYSVINIT +UTMP +LIBCRYPTSETUP +GCRYPT +GNUTLS +ACL +XZ -LZ4 +SECCOMP +BLKID +ELFUTILS +KMOD -IDN)
[    9.669621] systemd[1]: Detected virtualization oracle.
[    9.671991] systemd[1]: Detected architecture x86-64.

Welcome to [1mUbuntu 16.04.7 LTS[0m!

[    9.678095] systemd[1]: Set hostname to <ubuntu>.
[    9.685949] systemd[1]: Initializing machine ID from random generator.
[    9.688497] systemd[1]: Installed transient /etc/machine-id file.
[   10.068062] systemd[1]: Listening on Journal Socket (/dev/log).
[[0;32m  OK  [0m] Listening on Journal Socket (/dev/log).
[   10.074376] systemd[1]: Listening on udev Kernel Socket.
[[0;32m  OK  [0m] Listening on udev Kernel Socket.
[   10.086481] systemd[1]: Listening on udev Control Socket.
[[0;32m  OK  [0m] Listening on udev Control Socket.
[   10.093587] systemd[1]: Listening on Journal Audit Socket.
[[0;32m  OK  [0m] Listening on Journal Audit Socket.
[   10.103148] systemd[1]: Listening on /dev/initctl Compatibility Named Pipe.
[[0;32m  OK  [0m] Listening on /dev/initctl Compatibility Named Pipe.
[   10.122710] systemd[1]: Created slice System Slice.
[[0;32m  OK  [0m] Created slice System Slice.
[   10.129488] systemd[1]: Created slice system-serial\x2dgetty.slice.
[[0;32m  OK  [0m] Created slice system-serial\x2dgetty.slice.
[   10.135448] systemd[1]: Listening on Journal Socket.
[[0;32m  OK  [0m] Listening on Journal Socket.
[   10.157025] systemd[1]: Mounting Debug File System...
         Mounting Debug File System...
[   10.174532] systemd[1]: Starting Nameserver information manager...
         Starting Nameserver information manager...
[   10.186649] systemd[1]: Starting Create list of required static device nodes for the current kernel...
         Starting Create list of required st... nodes for the current kernel...
[   10.195379] systemd[1]: Starting Set console keymap...
         Starting Set console keymap...
[   10.209731] systemd[1]: Listening on LVM2 poll daemon socket.
[[0;32m  OK  [0m] Listening on LVM2 poll daemon socket.
[   10.232860] systemd[1]: Starting Uncomplicated firewall...
         Starting Uncomplicated firewall...
[   10.242976] systemd[1]: Starting Load Kernel Modules...
         Starting Load Kernel Modules...
[   10.247518] systemd[1]: Reached target Encrypted Volumes.
[[0;32m  OK  [0m] Reached target Encrypted Volumes.
[   10.252738] systemd[1]: Mounting POSIX Message Queue File System...
         Mounting POSIX Message Queue File System...
[   10.261388] systemd[1]: Set up automount Arbitrary Executable File Formats File System Automount Point.
[[0;32m  OK  [0m] Set up automount Arbitrary Executab...ats File System Automount Point.
[   10.271186] systemd[1]: Reached target Swap.
[[0;32m  OK  [0m] Reached target Swap.
[   10.278398] systemd[1]: Reached target System Time Synchronized.
[[0;32m  OK  [0m] Reached target System Time Synchronized.
[   10.285780] systemd[1]: Listening on LVM2 metadata daemon socket.
[[   10.292612] random: nonblocking pool is initialized
[0;32m  OK  [0m] Listening on LVM2 metadata daemon socket.
[   10.301814] Loading iSCSI transport class v2.0-870.
[   10.312835] iscsi: registered transport (tcp)
[   10.313004] systemd[1]: Started Forward Password Requests to Wall Directory Watch.
[[0;32m  OK  [0m] Started Forward Password Requests to Wall Directory Watch.
[   10.319199] systemd[1]: Listening on Device-mapper event daemon FIFOs.
[[0;32m  OK  [0m] Listening on Device-mapper event daemon FIFOs.
[   10.374404] systemd[1]: Starting Monitoring of LVM2 mirrors, snapshots etc. using dmeventd or progress polling...
         Starting Monitoring of LVM2 mirrors... dmeventd or progress polling...
[   10.389366] systemd[1]: Started Trigger resolvconf update for networkd DNS.
[[0;32m  OK  [0m] Started Trigger resolvconf update for networkd DNS.
[   10.407484] systemd[1]: Mounting Huge Pages File System...
         Mounting Huge Pages File System...
[   10.430765] systemd[1]: Reached target User and Group Name Lookups.
[[0;32m  OK  [0m] Reached target User and Group Name Lookups.
[   10.509646] systemd[1]: Listening on fsck to fsckd communication Socket.
[[0;32m  OK  [0m] Listening on fsck to fsckd communication Socket.
[   10.527564] systemd[1]: Starting File System Check on Root Device...
         Starting File System Check on Root Device...
[   10.537444] systemd[1]: Created slice User and Session Slice.
[[0;32m  OK  [0m] Created slice User and Session Slice.
[   10.548565] systemd[1]: Reached target Slices.
[[0;32m  OK  [0m] Reached target Slices.
[   10.566882] systemd[1]: Listening on Syslog Socket.
[[0;32m  OK  [0m] Listening on Syslog Socket.
[   10.575834] iscsi: registered transport (iser)
[   10.588955] systemd[1]: Starting Journal Service...
         Starting Journal Service...
[   10.602274] systemd[1]: Mounted Huge Pages File System.
[[0;32m  OK  [0m] Mounted Huge Pages File System.
[   10.607375] systemd[1]: Mounted POSIX Message Queue File System.
[[0;32m  OK  [0m] Mounted POSIX Message Queue File System.
[   10.614094] systemd[1]: Mounted Debug File System.
[[0;32m  OK  [0m] Mounted Debug File System.
[   10.642816] systemd[1]: Started Create list of required static device nodes for the current kernel.
[[0;32m  OK  [0m] Started Create list of required sta...ce nodes for the current kernel.
[   10.716679] systemd[1]: Started Set console keymap.
[[0;32m  OK  [0m] Started Set console keymap.
[   10.730228] systemd[1]: Started Uncomplicated firewall.
[[0;32m  OK  [0m] Started Uncomplicated firewall.
[   10.737748] systemd[1]: Started Load Kernel Modules.
[[0;32m  OK  [0m] Started Load Kernel Modules.
[   10.746162] systemd[1]: Started File System Check on Root Device.
[[0;32m  OK  [0m] Started File System Check on Root Device.
[   10.772953] systemd[1]: Started Nameserver information manager.
[[0;32m  OK  [0m] Started Nameserver information manager.
[   10.789953] systemd[1]: Started Journal Service.
[[0;32m  OK  [0m] Started Journal Service.
[[0;32m  OK  [0m] Started LVM2 metadata daemon.
[[0;32m  OK  [0m] Started File System Check Daemon to report status.
         Starting Remount Root and Kernel File Systems...
         Mounting FUSE Control File System...
         Starting Apply Kernel Variables...
[   10.930472] EXT4-fs (sda1): re-mounted. Opts: (null)
         Starting Create Static Device Nodes in /dev...
[[0;32m  OK  [0m] Mounted FUSE Control File System.
[[0;32m  OK  [0m] Started Remount Root and Kernel File Systems.
[[0;32m  OK  [0m] Started Apply Kernel Variables.
[[0;32m  OK  [0m] Started Create Static Device Nodes in /dev.
         Starting udev Kernel Device Manager...
         Starting Flush Journal to Persistent Storage...
         Starting udev Coldplug all Devices...
         Starting Load/Save Random Seed...
[[0;32m  OK  [0m] Started Flush Journal to Persistent Storage.
[[0;32m  OK  [0m] Started Monitoring of LVM2 mirrors,...ng dmeventd or progress polling.
[[0;32m  OK  [0m] Started Load/Save Random Seed.
[[0;32m  OK  [0m] Reached target Local File Systems (Pre).
[[0;32m  OK  [0m] Reached target Local File Systems.
         Starting Initial cloud-init job (pre-networking)...
         Starting Commit a transient machine-id on disk...
         Starting Tell Plymouth To Write Out Runtime Data...
         Starting LSB: AppArmor initialization...
         Starting Create Volatile Files and Directories...
         Starting Set console font and keymap...
[[0;32m  OK  [0m] Started udev Kernel Device Manager.
[[0;32m  OK  [0m] Started udev Coldplug all Devices.
[[0;32m  OK  [0m] Started Tell Plymouth To Write Out Runtime Data.
[[0;32m  OK  [0m] Started Dispatch Password Requests to Console Directory Watch.
[[0;32m  OK  [0m] Started Create Volatile Files and Directories.
         Starting Update UTMP about System Boot/Shutdown...
[[0;32m  OK  [0m] Started Commit a transient machine-id on disk.
[[0;32m  OK  [0m] Started Update UTMP about System Boot/Shutdown.
[[0;32m  OK  [0m] Found device /dev/ttyS0.
[[0;32m  OK  [0m] Listening on Load/Save RF Kill Switch Status /dev/rfkill Watch.
[[0;32m  OK  [0m] Started Set console font and keymap.
[[0;32m  OK  [0m] Created slice system-getty.slice.
[[0;32m  OK  [0m] Started LSB: AppArmor initialization.
         Starting Load AppArmor profiles managed internally by snapd...
[[0;32m  OK  [0m] Started Load AppArmor profiles managed internally by snapd.
[   13.735997] cloud-init[494]: Cloud-init v. 21.1-19-gbad84ad4-0ubuntu1~16.04.2 running 'init-local' at Tue, 18 Apr 2023 13:41:14 +0000. Up 13.22 seconds.
[[0;32m  OK  [0m] Started Initial cloud-init job (pre-networking).
[[0;32m  OK  [0m] Reached target Network (Pre).
         Starting Raise network interfaces...
[[0;32m  OK  [0m] Started Raise network interfaces.
[[0;32m  OK  [0m] Reached target Network.
         Starting Initial cloud-init job (metadata service crawler)...
[   15.477427] cloud-init[970]: Cloud-init v. 21.1-19-gbad84ad4-0ubuntu1~16.04.2 running 'init' at Tue, 18 Apr 2023 13:41:16 +0000. Up 14.55 seconds.
[   15.483745] cloud-init[970]: ci-info: ++++++++++++++++++++++++++++++++++++++Net device info+++++++++++++++++++++++++++++++++++++++
[   15.487799] cloud-init[970]: ci-info: +--------+-------+----------------------------+---------------+--------+-------------------+
[   15.489690] cloud-init[970]: ci-info: | Device |   Up  |          Address           |      Mask     | Scope  |     Hw-Address    |
[   15.493053] cloud-init[970]: ci-info: +--------+-------+----------------------------+---------------+--------+-------------------+
[   15.494913] cloud-init[970]: ci-info: | enp0s3 |  True |         10.0.2.15          | 255.255.255.0 | global | 02:be:82:6b:cc:1d |
[   15.497154] cloud-init[970]: ci-info: | enp0s3 |  True | fe80::be:82ff:fe6b:cc1d/64 |       .       |  link  | 02:be:82:6b:cc:1d |
[   15.498882] cloud-init[970]: ci-info: | enp0s8 | False |             .              |       .       |   .    | 08:00:27:40:14:3d |
[   15.504797] cloud-init[970]: ci-info: |   lo   |  True |         127.0.0.1          |   255.0.0.0   |  host  |         .         |
[   15.511549] cloud-init[970]: ci-info: |   lo   |  True |          ::1/128           |       .       |  host  |         .         |
[   15.530113] cloud-init[970]: ci-info: +--------+-------+----------------------------+---------------+--------+-------------------+
[   15.549411] cloud-init[970]: ci-info: +++++++++++++++++++++++++++Route IPv4 info++++++++++++++++++++++++++++
[   15.557925] cloud-init[970]: ci-info: +-------+-------------+----------+---------------+-----------+-------+
[   15.560134] cloud-init[970]: ci-info: | Route | Destination | Gateway  |    Genmask    | Interface | Flags |
[   15.563208] cloud-init[970]: ci-info: +-------+-------------+----------+---------------+-----------+-------+
[   15.565705] cloud-init[970]: ci-info: |   0   |   0.0.0.0   | 10.0.2.2 |    0.0.0.0    |   enp0s3  |   UG  |
[   15.568497] cloud-init[970]: ci-info: |   1   |   10.0.2.0  | 0.0.0.0  | 255.255.255.0 |   enp0s3  |   U   |
[   15.570967] cloud-init[970]: ci-info: +-------+-------------+----------+---------------+-----------+-------+
[   15.575441] cloud-init[970]: ci-info: +++++++++++++++++++Route IPv6 info+++++++++++++++++++
[[0;32m  OK  [0m] Started Initial cloud-init job (metadata service crawler).
[   15.577359] cloud-init[970]: ci-info: +-------+-------------+---------+-----------+-------+
[   15.592161] [cloud-init[0;32m  OK  [0m[970]: ] ci-info: | Route | Destination | Gateway | Interface | Flags |Reached target System Initialization.
[[0;32m  OK  [0m] Started Message of the Day.

[   15.596687]          cloud-init[970]: ci-info: +-------+-------------+---------+-----------+-------+Starting LXD - unix socket.

[   15.598951] cloud-init[970]: ci-info: |   0   |  fe80::/64  |    ::   |   enp0s3  |   U   |
[   15.601947] cloud-init[970]: ci-info: |   3   |   ff00::/8  |    ::   |   enp0s3  |   U   |
[   15.603290] cloud-init[970]: [ci-info: +-------+-------------+---------+-----------+-------+[0;32m  OK  [0m
] Started ACPI Events Check.
[[   15.603434] [0;32m  OK  [0mcloud-init] [970]: Reached target Paths.Generating public/private rsa key pair.

[   15.608053] [cloud-init[970]: Your identification has been saved in /etc/ssh/ssh_host_rsa_key.
[0;32m  OK  [0m] Started Daily Cleanup of Temporary Directories.
[   15.609738] cloud-init[970]: Your public key has been saved in /etc/ssh/ssh_host_rsa_key.pub.
[[0;32m  OK  [0m[   15.612914] cloud-init[970]: The key fingerprint is:
[   15.613472] cloud-init[970]: SHA256:ZXqYTqF8QqHbvwgl5oTite+b7+L1fVRBA0wZNGIHEss root@ubuntu-xenial
[   15.613552] cloud-init[970]: The key's randomart image is:
[   15.613613] cloud-init[970]: +---[RSA 2048]----+
[   15.613683] cloud-init[970]: |      .  o.+=B=o |
[   15.613741] cloud-init[970]: |     . .. + oo...|
[   15.613795] cloud-init[970]: |    . . .Eo     .|
] Listening on UUID daemon activation socket.
[[   15.614599] cloud-init[970]: |   . = . B     . |
[   15.619069] cloud-init[970]: |. ..= * S .   .  |
[   15.619415] cloud-init[970]: |...+.o * .   .   |
[   15.619627] cloud-init[970]: | . .o  .o   .    |
[   15.619882] cloud-init[970]: |    .oo....  .   |
[   15.620016] cloud-init[970]: |    o**o.. ..    |
[   15.620117] cloud-init[970]: +----[SHA256]-----+
[   15.620210] cloud-init[970]: Generating public/private dsa key pair.
[   15.620455] cloud-init[970]: Your identification has been saved in /etc/ssh/ssh_host_dsa_key.
[   15.620549] cloud-init[970]: Your public key has been saved in /etc/ssh/ssh_host_dsa_key.pub.
[   15.621684] cloud-init[970]: The key fingerprint is:
[   15.622568] cloud-init[970]: SHA256:uBfEBgzQWoXW0nh4rkodTnMBhzGw/vckuO68LDa1L/8 root@ubuntu-xenial
[   15.622643] cloud-init[970]: The key's randomart image is:
[   15.623919] cloud-init[970]: +---[DSA 1024]----+
[   15.624113] cloud-init[970]: |  o+=&+          |
[   15.624240] cloud-init[970]: |   .XoBo         |
[   15.624347] cloud-init[970]: |  .+ = .+        |
[   15.624505] cloud-init[970]: | .. + o+         |
[   15.624599] cloud-init[970]: |  .+ =. S        |
[   15.624769] cloud-init[970]: |  ..=. . .       |
[   15.624872] cloud-init[970]: | . oo.+ o        |
[   15.624988] cloud-init[970]: |  =ooo =         |
[   15.625094] cloud-init[970]: | . =B=o.E        |
[0;32m  OK  [0m] Listening on ACPID Listen Socket.
         Starting Socket activation for snappy daemon.[   15.625159] 
cloud-init[970]: +----[SHA256]-----+
[   15.632523] cloud-init[970]: Generating public/private ecdsa key pair.
[   15.632803] cloud-init[970]: Your identification has been saved in /etc/ssh/ssh_host_ecdsa_key.
[[   15.633438] cloud-init[970]: Your public key has been saved in /etc/ssh/ssh_host_ecdsa_key.pub.
[0;32m  OK  [0m] Started Ubuntu Advantage update messaging.
[[   15.636400] cloud-init[970]: The key fingerprint is:
[   15.638508] cloud-init[970]: SHA256:MuhGpQXtZgxiHuRS6M/QDKQRl1+SFUExrCLaBzFBJIk root@ubuntu-xenial
[   15.638851] cloud-init[970]: The key's randomart image is:
[   15.639369] cloud-init[970]: +---[ECDSA 256]---+
[   15.639945] cloud-init[970]: |*OBo.*B+         |
[   15.640865] cloud-init[970]: |EBB +.+.         |
[   15.641150] cloud-init[970]: |+o=* Bo          |
[   15.641447] cloud-init[970]: |.++oo==          |
[   15.642416] cloud-init[970]: |.o+o+oo S        |
[0;32m  OK  [0m] Listening on D-Bus System Message Bus Socket.
[   15.642858] cloud-init[970]: |. .=.  o         |
[   15.652781] [[0;32m  OK  [0m] Started Daily apt download activities.
cloud-init[970]: [[0;32m  OK  [0m] Started Daily apt upgrade and clean activities.
|   .o            |
[   15.655592] [cloud-init[0;32m  OK  [0m[970]: ] Reached target Timers.
[[0;32m  OK  [0m] Reached target Network is Online.
|   .             |
[   15.657677] cloud-init[970]: |                 |
[   15.659353] cloud-init[970]: +----[SHA256]-----+
[   15.660533] cloud-init[970]: Generating public/private ed25519 key pair.
[   15.661826] cloud-init[970]: Your identification has been saved in /etc/ssh/ssh_host_ed25519_key.
[   15.663418] cloud-init[970]: Your public key has been saved in /etc/ssh/ssh_host_ed25519_key.pub.
[   15.665053] cloud-init[970]: The key fingerprint is:
[   15.666375] cloud-init[970]: SHA256:IInnXdhWYEIMARbRakBKGt6xakHORcxmPcpTz/PIi4g root@ubuntu-xenial
[   15.671844] cloud-init[970]: The key's randomart image is:
[   15.673416]          Starting iSCSI initiator daemon (iscsid)...
[[0;32m  OK  [0m] Reached target Cloud-config availability.
[[0;32m  OK  [0m] Listening on LXD - unix socket.
[[0;32m  OK  [0m] Listening on Socket activation for snappy daemon.
[[0;32m  OK  [0m] Reached target Sockets.
[[0;32m  OK  [0m] Reached target Basic System.
cloud-init[970]: +--[ED25519 256]--+
[[0;32m  OK  [0m] Started Deferred execution scheduler.
         Starting Accounts Service...
[[0;32m  OK  [0m] Started D-Bus System Message Bus.
[   15.677879] cloud-init[970]: |o+OO+=o o..      |
[   15.692572] cloud-init[970]: |Xoo*+=.= .       |
[   15.696912] cloud-init[970]: |o*=+* * +        |
[   15.698398] cloud-init[970]: |  =* o B         |
[   15.699874] cloud-init[970]: | +  o o S        |
[   15.701516] cloud-init[970]: |.      o .       |
[   15.708441] cloud-init[970]: |  . . . .        |
[   15.710185] cloud-init[970]: | E . . .         |
[   15.716838] cloud-init[970]: |                 |
[   15.718416] cloud-init[970]: +----[SHA256]-----+
[[0;32m  OK  [0m] Started FUSE filesystem for LXC.
[[0;32m  OK  [0m] Started ACPI event daemon.
         Starting System Logging Service...
         Starting /etc/rc.local Compatibility...
         Starting Virtualbox guest utils...
         Starting Snap Daemon...
         Starting LSB: Record successful boot for GRUB...
         Starting LSB: MD monitoring daemon...
         Starting Login Service...
         Starting Pollinate to seed the pseudo random number generator...
[[0;32m  OK  [0m] Started Regular background program processing daemon.
         Starting LXD - container startup/shutdown...
[[0;32m  OK  [0m] Started /etc/rc.local Compatibility.
[[0;32m  OK  [0m] Started iSCSI initiator daemon (iscsid).
         Starting Authenticate and Authorize Users to Run Privileged Tasks...
         Starting Login to default iSCSI targets...
[[0;32m  OK  [0m] Started System Logging Service.
[[0;32m  OK  [0m] Started Login Service.
[[0;32m  OK  [0m] Started Unattended Upgrades Shutdown.
[[0;32m  OK  [0m] Started LSB: Record successful boot for GRUB.
[[0;32m  OK  [0m] Started Login to default iSCSI targets.
[[0;32m  OK  [0m] Reached target Remote File Systems (Pre).
[[0;32m  OK  [0m] Reached target Remote File Systems.
         Starting LSB: Set the CPU Frequency Scaling governor to "ondemand"...
         Starting LSB: daemon to balance interrupts for SMP systems...
         Starting LSB: automatic crash report generation...
         Starting Permit User Sessions...
[[0;32m  OK  [0m] Started LSB: MD monitoring daemon.
[[0;32m  OK  [0m] Started Permit User Sessions.
[[0;32m  OK  [0m] Started Authenticate and Authorize Users to Run Privileged Tasks.
[[0;32m  OK  [0m] Started Accounts Service.
         Starting Hold until boot process finishes up...
         Starting Terminate Plymouth Boot Screen...
[[0;32m  OK  [0m] Started Hold until boot process finishes up.
[[0;32m  OK  [0m] Started Getty on tty1.
[[0;32m  OK  [0m] Started Serial Getty on ttyS0.
[[0;32m  OK  [0m] Reached target Login Prompts.
         Starting Set console scheme...
[[0;32m  OK  [0m] Started Terminate Plymouth Boot Screen.
[[0;32m  OK  [0m] Started Set console scheme.
[[0;32m  OK  [0m] Started LSB: daemon to balance interrupts for SMP systems.
[[0;32m  OK  [0m] Started LSB: automatic crash report generation.
[[0;32m  OK  [0m] Started LSB: Set the CPU Frequency Scaling governor to "ondemand".
[[0;32m  OK  [0m] Started Virtualbox guest utils.
[[0;32m  OK  [0m] Started LXD - container startup/shutdown.
[[0;32m  OK  [0m] Started Snap Daemon.
         Starting Wait until snapd is fully seeded...
[[0;32m  OK  [0m] Started Pollinate to seed the pseudo random number generator.
         Starting OpenBSD Secure Shell server...
[[0;32m  OK  [0m] Started OpenBSD Secure Shell server.
[[0;32m  OK  [0m] Started Wait until snapd is fully seeded.
         Starting Apply the settings specified in cloud-config...
[[0;32m  OK  [0m] Reached target Multi-User System.
[[0;32m  OK  [0m] Reached target Graphical Interface.
         Starting Update UTMP about System Runlevel Changes...
[[0;32m  OK  [0m] Started Update UTMP about System Runlevel Changes.
[   18.157104] cloud-init[1321]: Generating locales (this might take a while)...
[   19.859710] cloud-init[1321]:   en_US.UTF-8... done
[   19.861077] cloud-init[1321]: Generation complete.
[[0;32m  OK  [0m] Created slice User Slice of vagrant.
         Starting User Manager for UID 1000...
[[0;32m  OK  [0m] Started Session 1 of user vagrant.
[[0;32m  OK  [0m] Started User Manager for UID 1000.
[   20.593860] cloud-init[1321]: Cloud-init v. 21.1-19-gbad84ad4-0ubuntu1~16.04.2 running 'modules:config' at Tue, 18 Apr 2023 13:41:19 +0000. Up 17.91 seconds.
[[0;32m  OK  [0m] Started Apply the settings specified in cloud-config.
         Starting Execute cloud user/final scripts...
ci-info: no authorized SSH keys fingerprints found for user ubuntu.
<14>Apr 18 13:41:23 ec2: 
<14>Apr 18 13:41:23 ec2: #############################################################
<14>Apr 18 13:41:23 ec2: -----BEGIN SSH HOST KEY FINGERPRINTS-----
<14>Apr 18 13:41:23 ec2: 1024 SHA256:uBfEBgzQWoXW0nh4rkodTnMBhzGw/vckuO68LDa1L/8 root@ubuntu-xenial (DSA)
<14>Apr 18 13:41:23 ec2: 256 SHA256:MuhGpQXtZgxiHuRS6M/QDKQRl1+SFUExrCLaBzFBJIk root@ubuntu-xenial (ECDSA)
<14>Apr 18 13:41:23 ec2: 256 SHA256:IInnXdhWYEIMARbRakBKGt6xakHORcxmPcpTz/PIi4g root@ubuntu-xenial (ED25519)
<14>Apr 18 13:41:23 ec2: 2048 SHA256:ZXqYTqF8QqHbvwgl5oTite+b7+L1fVRBA0wZNGIHEss root@ubuntu-xenial (RSA)
<14>Apr 18 13:41:23 ec2: -----END SSH HOST KEY FINGERPRINTS-----
<14>Apr 18 13:41:23 ec2: #############################################################
-----BEGIN SSH HOST KEY KEYS-----
ecdsa-sha2-nistp256 AAAAE2VjZHNhLXNoYTItbmlzdHAyNTYAAAAIbmlzdHAyNTYAAABBBIFrjWEoYVPRO9km2IHV38PAR6eN0zBR2s1xhhnYDVfTUyKd51R0e2jUB7RWU0l5w1sLNWii9RYjEvwhf1U7AT0= root@ubuntu-xenial
ssh-ed25519 AAAAC3NzaC1lZDI1NTE5AAAAINdvQ73pxKv8WLJ0fmrdC1SiKVmCaI+Y31YycthW2OoP root@ubuntu-xenial
ssh-rsa AAAAB3NzaC1yc2EAAAADAQABAAABAQDVgq/csn/QMU8xissXQ7GsB6WSF1eQWuHEKfzZkbtbTj3pDzBN0Mh2REoAIt8f9NstfduolLqn5CMLfsPQWJ4nbr743GHp7WQTs82L+h7qSYB057ssvoOgCKEm2nh3pIbfGd51VxdPjdpnPdg6hClGOo1Kl9amWz9a7Q5k1CLnY0nhvs8dSgpErKpI2RpTuNRWYs00DeEXX9KpZ0ZjNPehD+x8t+eINrHg1BkvEg+c/HsFb2ecO+wutEr3i2uDoc7uI1sQaLvWT7GT3uNbSKt5+AkSJmywexv7bvwwkSfTETyU1QGvXNJ1pU9fKusD2bjS0Pi4MJO2yiVnPRXHvigT root@ubuntu-xenial
-----END SSH HOST KEY KEYS-----
[   21.911733] cloud-init[1431]: Cloud-init v. 21.1-19-gbad84ad4-0ubuntu1~16.04.2 running 'modules:final' at Tue, 18 Apr 2023 13:41:23 +0000. Up 21.50 seconds.
[   21.912250] cloud-init[1431]: ci-info: no authorized SSH keys fingerprints found for user ubuntu.
[   21.914376] cloud-init[1431]: Cloud-init v. 21.1-19-gbad84ad4-0ubuntu1~16.04.2 finished at Tue, 18 Apr 2023 13:41:23 +0000. Datasource DataSourceNoCloud [seed=/dev/sdb][dsmode=net].  Up 21.87 seconds

Ubuntu 16.04.7 LTS ubuntu-xenial ttyS0

ubuntu-xenial login: 